(---------------------------------------------------------------------)
(                                                                     )
(    Allegro Netrev Import Logic                                      )
(                                                                     )
(    Drawing          : SCORING_GAME.brd                              )
(    Software Version : 17.2S025                                      )
(    Date/Time        : Fri May 15 18:35:54 2026                      )
(                                                                     )
(---------------------------------------------------------------------)


------ Directives ------------

Ripup etch:                  No
Ripup delete first segment:  No
Ripup retain bondwire:       No
Ripup symbols:               Always
Missing symbol has error:    No
DRC update:                  Yes
Schematic directory:         'D:\CAD_PROJECTS\allegro'
Design Directory:            'D:/CAD_PROJECTS/allegro'
Old design name:             'D:/CAD_PROJECTS/allegro/SCORING_GAME.brd'
New design name:             'D:/CAD_PROJECTS/allegro/SCORING_GAME.brd'

CmdLine: netrev.exe -y 1 -n -i D:\CAD_PROJECTS\allegro D:\CAD_PROJECTS\allegro\SCORING_GAME.brd D:\CAD_PROJECTS\allegro\SCORING_GAME.brd

------ Preparing to read pst files ------

Starting to read D:/CAD_PROJECTS/allegro/pstchip.dat 
   Finished reading D:/CAD_PROJECTS/allegro/pstchip.dat (00:00:00.02)
Starting to read D:/CAD_PROJECTS/allegro/pstxprt.dat 
   Finished reading D:/CAD_PROJECTS/allegro/pstxprt.dat (00:00:00.00)
Starting to read D:/CAD_PROJECTS/allegro/pstxnet.dat 
   Finished reading D:/CAD_PROJECTS/allegro/pstxnet.dat (00:00:00.00)

------ Oversights/Warnings/Errors ------


------ Library Paths ------
MODULEPATH =  . 
           C:/Cadence/SPB_17.2/share/local/pcb/modules 

PSMPATH =  . 
           symbols 
           .. 
           ../symbols 
           C:/Cadence/SPB_17.2/share/local/pcb/symbols 
           C:/Cadence/SPB_17.2/share/pcb/pcb_lib/symbols 
           C:/Cadence/SPB_17.2/share/pcb/allegrolib/symbols 

PADPATH =  . 
           symbols 
           .. 
           ../symbols 
           C:/Cadence/SPB_17.2/share/local/pcb/padstacks 
           C:/Cadence/SPB_17.2/share/pcb/pcb_lib/symbols 
           C:/Cadence/SPB_17.2/share/pcb/allegrolib/symbols 


------ Summary Statistics ------


netrev run on May 15 18:35:54 2026
   DESIGN NAME : 'SCORING_GAME'
   PACKAGING ON Jul 30 2017 03:29:02

   COMPILE 'logic'
   CHECK_PIN_NAMES OFF
   CROSS_REFERENCE OFF
   FEEDBACK OFF
   INCREMENTAL OFF
   INTERFACE_TYPE PHYSICAL
   MAX_ERRORS 500
   MERGE_MINIMUM 5
   NET_NAME_CHARS '#%&()*+-./:=>?@[]^_`|'
   NET_NAME_LENGTH 24
   OVERSIGHTS ON
   REPLACE_CHECK OFF
   SINGLE_NODE_NETS ON
   SPLIT_MINIMUM 0
   SUPPRESS   20
   WARNINGS ON

 No error detected
 No oversight detected
 No warning detected

cpu time      0:00:19
elapsed time  0:00:00

